Archive member included because of file (symbol)

/Applications/Arduino.app/Contents/Resources/Java/hardware/tools/avr/bin/../lib/gcc/avr/4.3.2/avr25/libgcc.a(_exit.o)
                              /Applications/Arduino.app/Contents/Resources/Java/hardware/tools/avr/bin/../lib/gcc/avr/4.3.2/../../../../avr/lib/avr25/crttn85.o (exit)
/Applications/Arduino.app/Contents/Resources/Java/hardware/tools/avr/bin/../lib/gcc/avr/4.3.2/avr25/libgcc.a(_copy_data.o)
                              usbdrv/oddebug.o (__do_copy_data)
/Applications/Arduino.app/Contents/Resources/Java/hardware/tools/avr/bin/../lib/gcc/avr/4.3.2/avr25/libgcc.a(_clear_bss.o)
                              usbdrv/oddebug.o (__do_clear_bss)
/Applications/Arduino.app/Contents/Resources/Java/hardware/tools/avr/bin/../lib/gcc/avr/4.3.2/../../../../avr/lib/avr25/libc.a(eewr_word.o)
                              main.o (__eewr_word)

Allocating common symbols
Common symbol       size              file

usbTxBuf            0xb               main.o
writeBuffer         0x40              main.o
usbDeviceAddr       0x1               main.o
usbRxToken          0x1               main.o
usbInputBufOffset   0x1               main.o
usbMsgPtr           0x2               main.o
usbRxLen            0x1               main.o
usbNewDeviceAddr    0x1               main.o
usbCurrentTok       0x1               main.o
usbConfiguration    0x1               main.o
usbRxBuf            0x16              main.o

Discarded input sections

 .data          0x00000000        0x0 /Applications/Arduino.app/Contents/Resources/Java/hardware/tools/avr/bin/../lib/gcc/avr/4.3.2/../../../../avr/lib/avr25/crttn85.o
 .bss           0x00000000        0x0 /Applications/Arduino.app/Contents/Resources/Java/hardware/tools/avr/bin/../lib/gcc/avr/4.3.2/../../../../avr/lib/avr25/crttn85.o
 .data          0x00000000        0x0 usbdrv/usbdrvasm.o
 .bss           0x00000000        0x0 usbdrv/usbdrvasm.o
 .text          0x00000000        0x0 usbdrv/oddebug.o
 .data          0x00000000        0x0 usbdrv/oddebug.o
 .bss           0x00000000        0x0 usbdrv/oddebug.o
 .data          0x00000000        0x0 libs-device/osccal.o
 .bss           0x00000000        0x0 libs-device/osccal.o
 .text          0x00000000        0x0 /Applications/Arduino.app/Contents/Resources/Java/hardware/tools/avr/bin/../lib/gcc/avr/4.3.2/avr25/libgcc.a(_exit.o)
 .data          0x00000000        0x0 /Applications/Arduino.app/Contents/Resources/Java/hardware/tools/avr/bin/../lib/gcc/avr/4.3.2/avr25/libgcc.a(_exit.o)
 .bss           0x00000000        0x0 /Applications/Arduino.app/Contents/Resources/Java/hardware/tools/avr/bin/../lib/gcc/avr/4.3.2/avr25/libgcc.a(_exit.o)
 .text.libgcc   0x00000000        0x0 /Applications/Arduino.app/Contents/Resources/Java/hardware/tools/avr/bin/../lib/gcc/avr/4.3.2/avr25/libgcc.a(_exit.o)
 .text          0x00000000        0x0 /Applications/Arduino.app/Contents/Resources/Java/hardware/tools/avr/bin/../lib/gcc/avr/4.3.2/avr25/libgcc.a(_copy_data.o)
 .data          0x00000000        0x0 /Applications/Arduino.app/Contents/Resources/Java/hardware/tools/avr/bin/../lib/gcc/avr/4.3.2/avr25/libgcc.a(_copy_data.o)
 .bss           0x00000000        0x0 /Applications/Arduino.app/Contents/Resources/Java/hardware/tools/avr/bin/../lib/gcc/avr/4.3.2/avr25/libgcc.a(_copy_data.o)
 .text.libgcc   0x00000000        0x0 /Applications/Arduino.app/Contents/Resources/Java/hardware/tools/avr/bin/../lib/gcc/avr/4.3.2/avr25/libgcc.a(_copy_data.o)
 .text          0x00000000        0x0 /Applications/Arduino.app/Contents/Resources/Java/hardware/tools/avr/bin/../lib/gcc/avr/4.3.2/avr25/libgcc.a(_clear_bss.o)
 .data          0x00000000        0x0 /Applications/Arduino.app/Contents/Resources/Java/hardware/tools/avr/bin/../lib/gcc/avr/4.3.2/avr25/libgcc.a(_clear_bss.o)
 .bss           0x00000000        0x0 /Applications/Arduino.app/Contents/Resources/Java/hardware/tools/avr/bin/../lib/gcc/avr/4.3.2/avr25/libgcc.a(_clear_bss.o)
 .text.libgcc   0x00000000        0x0 /Applications/Arduino.app/Contents/Resources/Java/hardware/tools/avr/bin/../lib/gcc/avr/4.3.2/avr25/libgcc.a(_clear_bss.o)
 .data          0x00000000        0x0 /Applications/Arduino.app/Contents/Resources/Java/hardware/tools/avr/bin/../lib/gcc/avr/4.3.2/../../../../avr/lib/avr25/libc.a(eewr_word.o)
 .bss           0x00000000        0x0 /Applications/Arduino.app/Contents/Resources/Java/hardware/tools/avr/bin/../lib/gcc/avr/4.3.2/../../../../avr/lib/avr25/libc.a(eewr_word.o)

Memory Configuration

Name             Origin             Length             Attributes
text             0x00000000         0x00002000         xr
data             0x00800060         0x0000ffa0         rw !x
eeprom           0x00810000         0x00010000         rw !x
fuse             0x00820000         0x00000400         rw !x
lock             0x00830000         0x00000400         rw !x
signature        0x00840000         0x00000400         rw !x
*default*        0x00000000         0xffffffff

Linker script and memory map

LOAD /Applications/Arduino.app/Contents/Resources/Java/hardware/tools/avr/bin/../lib/gcc/avr/4.3.2/../../../../avr/lib/avr25/crttn85.o
LOAD usbdrv/usbdrvasm.o
LOAD usbdrv/oddebug.o
LOAD main.o
LOAD libs-device/osccal.o
Address of section .text set to 0x1300
LOAD /Applications/Arduino.app/Contents/Resources/Java/hardware/tools/avr/bin/../lib/gcc/avr/4.3.2/avr25/libgcc.a
LOAD /Applications/Arduino.app/Contents/Resources/Java/hardware/tools/avr/bin/../lib/gcc/avr/4.3.2/../../../../avr/lib/avr25/libc.a
LOAD /Applications/Arduino.app/Contents/Resources/Java/hardware/tools/avr/bin/../lib/gcc/avr/4.3.2/avr25/libgcc.a

.hash
 *(.hash)

.dynsym
 *(.dynsym)

.dynstr
 *(.dynstr)

.gnu.version
 *(.gnu.version)

.gnu.version_d
 *(.gnu.version_d)

.gnu.version_r
 *(.gnu.version_r)

.rel.init
 *(.rel.init)

.rela.init
 *(.rela.init)

.rel.text
 *(.rel.text)
 *(.rel.text.*)
 *(.rel.gnu.linkonce.t*)

.rela.text
 *(.rela.text)
 *(.rela.text.*)
 *(.rela.gnu.linkonce.t*)

.rel.fini
 *(.rel.fini)

.rela.fini
 *(.rela.fini)

.rel.rodata
 *(.rel.rodata)
 *(.rel.rodata.*)
 *(.rel.gnu.linkonce.r*)

.rela.rodata
 *(.rela.rodata)
 *(.rela.rodata.*)
 *(.rela.gnu.linkonce.r*)

.rel.data
 *(.rel.data)
 *(.rel.data.*)
 *(.rel.gnu.linkonce.d*)

.rela.data
 *(.rela.data)
 *(.rela.data.*)
 *(.rela.gnu.linkonce.d*)

.rel.ctors
 *(.rel.ctors)

.rela.ctors
 *(.rela.ctors)

.rel.dtors
 *(.rel.dtors)

.rela.dtors
 *(.rela.dtors)

.rel.got
 *(.rel.got)

.rela.got
 *(.rela.got)

.rel.bss
 *(.rel.bss)

.rela.bss
 *(.rela.bss)

.rel.plt
 *(.rel.plt)

.rela.plt
 *(.rela.plt)

.text           0x00001300      0xc2c
 *(.vectors)
 .vectors       0x00001300       0x1e /Applications/Arduino.app/Contents/Resources/Java/hardware/tools/avr/bin/../lib/gcc/avr/4.3.2/../../../../avr/lib/avr25/crttn85.o
                0x00001300                __vectors
                0x00001300                __vector_default
 *(.vectors)
 *(.progmem.gcc*)
 *(.progmem*)
 .progmem.data  0x0000131e       0x28 main.o
                0x00001322                usbDescriptorDevice
                0x0000131e                usbDescriptorString0
                0x00001334                usbDescriptorConfiguration
                0x00001346                . = ALIGN (0x2)
                0x00001346                __trampolines_start = .
 *(.trampolines)
 .trampolines   0x00001346        0x0 linker stubs
 *(.trampolines*)
                0x00001346                __trampolines_end = .
 *(.jumptables)
 *(.jumptables*)
 *(.lowtext)
 *(.lowtext*)
                0x00001346                __ctors_start = .
 *(.ctors)
                0x00001346                __ctors_end = .
                0x00001346                __dtors_start = .
 *(.dtors)
                0x00001346                __dtors_end = .
 SORT(*)(.ctors)
 SORT(*)(.dtors)
 *(.init0)
 .init0         0x00001346        0x0 /Applications/Arduino.app/Contents/Resources/Java/hardware/tools/avr/bin/../lib/gcc/avr/4.3.2/../../../../avr/lib/avr25/crttn85.o
                0x00001346                __init
 *(.init0)
 *(.init1)
 *(.init1)
 *(.init2)
 .init2         0x00001346        0xc /Applications/Arduino.app/Contents/Resources/Java/hardware/tools/avr/bin/../lib/gcc/avr/4.3.2/../../../../avr/lib/avr25/crttn85.o
 *(.init2)
 *(.init3)
 .init3         0x00001352        0x8 main.o
                0x00001352                PushMagicWord
 *(.init3)
 *(.init4)
 .init4         0x0000135a       0x16 /Applications/Arduino.app/Contents/Resources/Java/hardware/tools/avr/bin/../lib/gcc/avr/4.3.2/avr25/libgcc.a(_copy_data.o)
                0x0000135a                __do_copy_data
 .init4         0x00001370       0x10 /Applications/Arduino.app/Contents/Resources/Java/hardware/tools/avr/bin/../lib/gcc/avr/4.3.2/avr25/libgcc.a(_clear_bss.o)
                0x00001370                __do_clear_bss
 *(.init4)
 *(.init5)
 *(.init5)
 *(.init6)
 *(.init6)
 *(.init7)
 *(.init7)
 *(.init8)
 *(.init8)
 *(.init9)
 .init9         0x00001380        0x4 /Applications/Arduino.app/Contents/Resources/Java/hardware/tools/avr/bin/../lib/gcc/avr/4.3.2/../../../../avr/lib/avr25/crttn85.o
 *(.init9)
 *(.text)
 .text          0x00001384        0x2 /Applications/Arduino.app/Contents/Resources/Java/hardware/tools/avr/bin/../lib/gcc/avr/4.3.2/../../../../avr/lib/avr25/crttn85.o
                0x00001384                __vector_1
                0x00001384                __vector_12
                0x00001384                __bad_interrupt
                0x00001384                __vector_6
                0x00001384                __vector_3
                0x00001384                __vector_11
                0x00001384                __vector_13
                0x00001384                __vector_7
                0x00001384                __vector_5
                0x00001384                __vector_4
                0x00001384                __vector_9
                0x00001384                __vector_8
                0x00001384                __vector_14
                0x00001384                __vector_10
 .text          0x00001386      0x314 usbdrv/usbdrvasm.o
                0x00001386                usbCrc16
                0x000013b0                usbCrc16Append
                0x000013de                __vector_2
                0x000013b8                usbMeasureFrameLength
 .text          0x0000169a      0x7e6 main.o
                0x00001742                SoftI2cMasterStart
                0x00001836                soft_i2c_eeprom_read_bytes
                0x000016be                SoftI2cMasterDeInit
                0x000017d0                soft_i2c_eeprom_erase
                0x000019c0                main
                0x00001774                soft_i2c_eeprom_write_bytes
                0x0000175a                SoftI2cMasterStop
                0x00001702                SoftI2cMasterWrite
                0x0000174e                SoftI2cMasterRestart
                0x000016c8                SoftI2cMasterRead
                0x000016b4                SoftI2cMasterInit
 .text          0x00001e80       0x7e libs-device/osccal.o
                0x00001e80                calibrateOscillator
 .text          0x00001efe       0x2a /Applications/Arduino.app/Contents/Resources/Java/hardware/tools/avr/bin/../lib/gcc/avr/4.3.2/../../../../avr/lib/avr25/libc.a(eewr_word.o)
                0x00001efe                __eewr_word
                0x00001f28                . = ALIGN (0x2)
 *(.text.*)
                0x00001f28                . = ALIGN (0x2)
 *(.fini9)
 .fini9         0x00001f28        0x0 /Applications/Arduino.app/Contents/Resources/Java/hardware/tools/avr/bin/../lib/gcc/avr/4.3.2/avr25/libgcc.a(_exit.o)
                0x00001f28                exit
                0x00001f28                _exit
 *(.fini9)
 *(.fini8)
 *(.fini8)
 *(.fini7)
 *(.fini7)
 *(.fini6)
 *(.fini6)
 *(.fini5)
 *(.fini5)
 *(.fini4)
 *(.fini4)
 *(.fini3)
 *(.fini3)
 *(.fini2)
 *(.fini2)
 *(.fini1)
 *(.fini1)
 *(.fini0)
 .fini0         0x00001f28        0x4 /Applications/Arduino.app/Contents/Resources/Java/hardware/tools/avr/bin/../lib/gcc/avr/4.3.2/avr25/libgcc.a(_exit.o)
 *(.fini0)
                0x00001f2c                _etext = .

.data           0x00800060        0x8 load address 0x00001f2c
                0x00800060                PROVIDE (__data_start, .)
 *(.data)
 .data          0x00800060        0x8 main.o
                0x00800060                usbTxLen
 *(.data*)
 *(.rodata)
 *(.rodata*)
 *(.gnu.linkonce.d*)
                0x00800068                . = ALIGN (0x2)
                0x00800068                _edata = .
                0x00800068                PROVIDE (__data_end, .)

.bss            0x00800068       0xfe
                0x00800068                PROVIDE (__bss_start, .)
 *(.bss)
 .bss           0x00800068       0x94 main.o
                0x0080006c                continuePolling
                0x0080006f                eepromAddress
                0x0080006d                writeBufferIndex
                0x0080006a                idlePolls
                0x00800068                something
 *(.bss*)
 *(COMMON)
 COMMON         0x008000fc       0x6a main.o
                0x008000fc                usbTxBuf
                0x00800107                writeBuffer
                0x00800147                usbDeviceAddr
                0x00800148                usbRxToken
                0x00800149                usbInputBufOffset
                0x0080014a                usbMsgPtr
                0x0080014c                usbRxLen
                0x0080014d                usbNewDeviceAddr
                0x0080014e                usbCurrentTok
                0x0080014f                usbConfiguration
                0x00800150                usbRxBuf
                0x00800166                PROVIDE (__bss_end, .)
                0x00001f2c                __data_load_start = LOADADDR (.data)
                0x00001f34                __data_load_end = (__data_load_start + SIZEOF (.data))

.noinit         0x00800166        0x0
                0x00800166                PROVIDE (__noinit_start, .)
 *(.noinit*)
                0x00800166                PROVIDE (__noinit_end, .)
                0x00800166                _end = .
                0x00800166                PROVIDE (__heap_start, .)

.eeprom         0x00810000        0x0
 *(.eeprom*)
                0x00810000                __eeprom_end = .

.fuse
 *(.fuse)
 *(.lfuse)
 *(.hfuse)
 *(.efuse)

.lock
 *(.lock*)

.signature
 *(.signature*)

.stab
 *(.stab)

.stabstr
 *(.stabstr)

.stab.excl
 *(.stab.excl)

.stab.exclstr
 *(.stab.exclstr)

.stab.index
 *(.stab.index)

.stab.indexstr
 *(.stab.indexstr)

.comment
 *(.comment)

.debug
 *(.debug)

.line
 *(.line)

.debug_srcinfo
 *(.debug_srcinfo)

.debug_sfnames
 *(.debug_sfnames)

.debug_aranges  0x00000000       0x20
 *(.debug_aranges)
 .debug_aranges
                0x00000000       0x20 /Applications/Arduino.app/Contents/Resources/Java/hardware/tools/avr/bin/../lib/gcc/avr/4.3.2/../../../../avr/lib/avr25/libc.a(eewr_word.o)

.debug_pubnames
                0x00000000       0x22
 *(.debug_pubnames)
 .debug_pubnames
                0x00000000       0x22 /Applications/Arduino.app/Contents/Resources/Java/hardware/tools/avr/bin/../lib/gcc/avr/4.3.2/../../../../avr/lib/avr25/libc.a(eewr_word.o)

.debug_info     0x00000000       0xdd
 *(.debug_info)
 .debug_info    0x00000000       0xdd /Applications/Arduino.app/Contents/Resources/Java/hardware/tools/avr/bin/../lib/gcc/avr/4.3.2/../../../../avr/lib/avr25/libc.a(eewr_word.o)
 *(.gnu.linkonce.wi.*)

.debug_abbrev   0x00000000       0x85
 *(.debug_abbrev)
 .debug_abbrev  0x00000000       0x85 /Applications/Arduino.app/Contents/Resources/Java/hardware/tools/avr/bin/../lib/gcc/avr/4.3.2/../../../../avr/lib/avr25/libc.a(eewr_word.o)

.debug_line     0x00000000       0xa0
 *(.debug_line)
 .debug_line    0x00000000       0xa0 /Applications/Arduino.app/Contents/Resources/Java/hardware/tools/avr/bin/../lib/gcc/avr/4.3.2/../../../../avr/lib/avr25/libc.a(eewr_word.o)

.debug_frame    0x00000000       0x20
 *(.debug_frame)
 .debug_frame   0x00000000       0x20 /Applications/Arduino.app/Contents/Resources/Java/hardware/tools/avr/bin/../lib/gcc/avr/4.3.2/../../../../avr/lib/avr25/libc.a(eewr_word.o)

.debug_str      0x00000000       0xe5
 *(.debug_str)
 .debug_str     0x00000000       0xe5 /Applications/Arduino.app/Contents/Resources/Java/hardware/tools/avr/bin/../lib/gcc/avr/4.3.2/../../../../avr/lib/avr25/libc.a(eewr_word.o)
                                0x119 (size before relaxing)

.debug_loc      0x00000000       0x58
 *(.debug_loc)
 .debug_loc     0x00000000       0x58 /Applications/Arduino.app/Contents/Resources/Java/hardware/tools/avr/bin/../lib/gcc/avr/4.3.2/../../../../avr/lib/avr25/libc.a(eewr_word.o)

.debug_macinfo
 *(.debug_macinfo)
OUTPUT(main.bin elf32-avr)
LOAD linker stubs
